
> learning-platform-backend@1.0.0 test
> cross-env NODE_ENV=test jest --runInBand

[0mPOST /api/auth/register [32m201[0m 144.894 ms - 314[0m
[0mPOST /api/attempts [32m201[0m 120.163 ms - 2557[0m
[0mPOST /api/attempts [32m201[0m 182.331 ms - 2683[0m
[0mPOST /api/attempts [32m201[0m 35.508 ms - 2690[0m
[0mPOST /api/attempts [32m201[0m 67.943 ms - 2665[0m
[0mPOST /api/attempts [32m201[0m 31.084 ms - 2702[0m
[0mPOST /api/attempts [32m201[0m 48.175 ms - 2672[0m
[0mPOST /api/attempts [32m201[0m 34.371 ms - 2697[0m
[0mPOST /api/attempts [32m201[0m 31.227 ms - 2650[0m
[0mPOST /api/attempts [32m201[0m 29.351 ms - 2521[0m
[0mPOST /api/attempts [32m201[0m 32.904 ms - 2701[0m
[0mPOST /api/attempts [32m201[0m 30.168 ms - 2686[0m
[0mPOST /api/attempts [32m201[0m 27.905 ms - 2694[0m
[0mPOST /api/attempts [32m201[0m 28.125 ms - 2662[0m
[0mPOST /api/attempts [32m201[0m 30.929 ms - 2691[0m
[0mPOST /api/attempts [32m201[0m 26.451 ms - 2671[0m
[0mPOST /api/attempts [32m201[0m 28.082 ms - 2701[0m
[0mPOST /api/attempts [32m201[0m 32.032 ms - 2501[0m
[0mPOST /api/attempts [32m201[0m 25.416 ms - 2682[0m
[0mPOST /api/auth/register [32m201[0m 105.637 ms - 313[0m
[0mPOST /api/attempts [32m201[0m 28.001 ms - 2580[0m
[0mPOST /api/attempts [32m201[0m 32.247 ms - 2662[0m
[0mPOST /api/attempts [32m201[0m 34.340 ms - 2697[0m
[0mPOST /api/attempts [32m201[0m 28.373 ms - 2683[0m
[0mPOST /api/attempts [32m201[0m 25.883 ms - 2718[0m
[0mPOST /api/attempts [32m201[0m 26.005 ms - 2647[0m
[0mPOST /api/attempts [32m201[0m 25.763 ms - 2713[0m
[0mPOST /api/attempts [32m201[0m 26.977 ms - 2671[0m
[0mPOST /api/auth/register [32m201[0m 145.136 ms - 313[0m
[0mPOST /api/attempts [32m201[0m 36.541 ms - 2336[0m
[0mPOST /api/attempts [32m201[0m 40.877 ms - 2627[0m
[0mPOST /api/attempts [32m201[0m 38.190 ms - 2291[0m
[0mPOST /api/attempts [32m201[0m 41.456 ms - 2647[0m
[0mPOST /api/attempts [32m201[0m 28.444 ms - 2349[0m
[0mPOST /api/attempts [32m201[0m 43.122 ms - 2583[0m
[0mPOST /api/attempts [32m201[0m 37.897 ms - 2279[0m
[0mPOST /api/attempts [32m201[0m 44.129 ms - 2690[0m
[0mPOST /api/attempts [32m201[0m 28.331 ms - 2459[0m
[0mPOST /api/attempts [32m201[0m 31.180 ms - 2700[0m
[0mPOST /api/attempts [32m201[0m 31.931 ms - 2292[0m
[0mPOST /api/attempts [32m201[0m 33.633 ms - 2576[0m
[0mPOST /api/attempts [32m201[0m 24.922 ms - 2354[0m
[0mPOST /api/attempts [32m201[0m 28.260 ms - 2695[0m
[0mPOST /api/attempts [32m201[0m 24.213 ms - 2408[0m
[0mPOST /api/attempts [32m201[0m 27.505 ms - 2693[0m
[0mPOST /api/auth/register [32m201[0m 141.697 ms - 312[0m
[0mPOST /api/attempts [32m201[0m 32.601 ms - 2293[0m
[0mPOST /api/attempts [32m201[0m 33.970 ms - 2274[0m
[0mPOST /api/attempts [32m201[0m 33.708 ms - 2282[0m
[0mPOST /api/attempts [32m201[0m 31.901 ms - 2287[0m
[0mPOST /api/attempts [32m201[0m 31.019 ms - 2259[0m
[0mPOST /api/attempts [32m201[0m 31.938 ms - 2282[0m
[0mPOST /api/attempts [32m201[0m 21.155 ms - 2273[0m
[0mPOST /api/attempts [32m201[0m 21.265 ms - 2274[0m
[0mPOST /api/attempts [32m201[0m 22.621 ms - 2282[0m
[0mPOST /api/attempts [32m201[0m 20.480 ms - 2287[0m
[0mPOST /api/auth/register [32m201[0m 106.122 ms - 313[0m
node.exe : PASS tests/intelligence.adversarial.test.js 
(21.211 s)
At line:1 char:1
+ & "C:\Program Files\nodejs/node.exe" 
"C:\Users\yaksh\AppData\Roaming\ ...
+ ~~~~~~~~~~~~~~~~~~~~~~~~~~~~~~~~~~~~~~~~~~~~~~~~~~~~~~~~~~~~
~~~~~~~~~
    + CategoryInfo          : NotSpecified: (PASS tests/inte. 
   ..t.js (21.211 s):String) [], RemoteException
    + FullyQualifiedErrorId : NativeCommandError
 
  ΓùÅ Console

    console.log
      [AuthRegisterExam] 
{"examFromTargetExam":"JEE","normalizedExam":"JEE"}

      at log (src/controllers/authController.js:22:13)

    console.log
      ADVERSARIAL_GUESS_HEAVY_LOG {
        totalAttempts: 18,
        guessSignals: 18,
        carelessMistakes: 18,
        hardRecommendations: 0,
        recommendationReasons: [
          'mistake-review',
          'mistake-review',
          'mistake-review',
          'mistake-review',
          'mistake-review',
          'weak-topic',
          'mistake-review',
          'weak-topic',
          'mistake-review',
          'new-topic'
        ]
      }

      at Object.log 
(tests/intelligence.adversarial.test.js:152:13)

    console.log
      [AuthRegisterExam] 
{"examFromTargetExam":"JEE","normalizedExam":"JEE"}

      at log (src/controllers/authController.js:22:13)

    console.log
      ADVERSARIAL_OVERCONFIDENT_WRONG_LOG {
        misconceptionCalls: 7,
        correctiveRecommendations: 5,
        correctivePressureTriggers: 7,
        correctivePressureMessages: [
          'You are consistently confident but incorrect in 
this concept. Slowing down and rebuilding fundamentals is 
recommended.',
          'You are consistently confident but incorrect in 
this concept. Slowing down and rebuilding fundamentals is 
recommended.'
        ],
        recommendationReasons: [
          'mistake-review',
          'mistake-review',
          'mistake-review',
          'new-topic',
          'new-topic',
          'weak-topic',
          'new-topic',
          'fallback',
          'new-topic',
          'weak-topic'
        ],
        whySamples: [
          'Reasoning Audit: Intermediate transformation 
accuracy is unstable in Algebra - Linear Equations. Context: 
This seems to be a concept gap in Algebra. Focus on 
definition-level understanding before solving mixed 
problems.',
          'Tutor Nudge: The concept is likely known; the 
failure came from execution haste. Pattern: This seems to be 
a concept gap in Algebra. Focus on definition-level 
understanding before solving mixed problems.',
          'Tutor Nudge: Coach note: you were close, but 
rushed the final decision. Add one verification pass. 
Pattern: This seems to be a concept gap in Algebra. Focus on 
definition-level understanding before solving mixed problems.'
        ]
      }

      at Object.log 
(tests/intelligence.adversarial.test.js:199:13)

    console.log
      [AuthRegisterExam] 
{"examFromTargetExam":"JEE","normalizedExam":"JEE"}

      at log (src/controllers/authController.js:22:13)

    console.log
      ADVERSARIAL_INCONSISTENT_USER_LOG {
        sequence: [
          'Easy',   'Medium', 'Medium',
          'Medium', 'Medium', 'Medium',
          'Hard',   'Medium', 'Medium',
          'Medium', 'Hard',   'Medium',
          'Medium', 'Medium', 'Medium',
          'Medium'
        ],
        flips: 5
      }

      at Object.log 
(tests/intelligence.adversarial.test.js:240:13)

    console.log
      [AuthRegisterExam] 
{"examFromTargetExam":"JEE","normalizedExam":"JEE"}

      at log (src/controllers/authController.js:22:13)

    console.log
      ADVERSARIAL_ONE_TOPIC_SPAM_LOG {
        outsideTopicCount: 10,
        recommendationTopics: [
          'Geometry',
          'Calculus',
          'Coordinate Geometry',
          'Trigonometry',
          'Probability',
          'Calculus',
          'Probability',
          'Trigonometry',
          'Coordinate Geometry',
          'Geometry'
        ],
        nextAction: {
          title: 'Your Next Step',
          label: 'Increase Difficulty Challenge',
          reason: 'increase-difficulty',
          route: '/practice',
          query: { mode: 'focus', topic: undefined },
          dueMistakeCount: 0
        },
        focusToday: []
      }

      at Object.log 
(tests/intelligence.adversarial.test.js:269:13)

    console.log
      LONG_HORIZON_45_DAY_LOG {
        snapshots: [
          { reasons: [Array], topics: [Array], ids: [Array] },
          { reasons: [Array], topics: [Array], ids: [Array] },
          { reasons: [Array], topics: [Array], ids: [Array] },
          { reasons: [Array], topics: [Array], ids: [Array] }
        ],
        topicDiversity: 6,
        hasMistakeResurfacing: true,
        uniqueListShapes: 11,
        missedDays: [ 5, 11, 17, 24, 33, 40 ]
      }

      at Object.log 
(tests/intelligence.adversarial.test.js:411:13)

    console.log
      RECOMMENDATION_FATIGUE_LOG {
        uniqueQuestionRatio: 0.096,
        uniqueTopicCount: 6,
        uniqueReasonText: 20,
        repeatedSignatureShare: 0.01,
        avgDistinctTopicsPerSet: 3.62,
        avgDistinctSubtopicsPerSet: 3.62,
        diversityDiagnosticsSamples: [
          {
            distinctTopics: 5,
            distinctSubtopics: 5,
            distinctDifficulties: 3,
            overconfidentWrongProfile: false,
            guessHeavyProfile: false,
            freshnessWindow: 0
          },
          {
            distinctTopics: 5,
            distinctSubtopics: 5,
            distinctDifficulties: 3,
            overconfidentWrongProfile: false,
            guessHeavyProfile: false,
            freshnessWindow: 10
          },
          {
            distinctTopics: 5,
            distinctSubtopics: 5,
            distinctDifficulties: 3,
            overconfidentWrongProfile: false,
            guessHeavyProfile: false,
            freshnessWindow: 20
          }
        ],
        sampleReasons: [
          'This targets Algebra (Linear Equations) because 
your recent accuracy here is below target and needs 
reinforcement.',
          'Your recent trail is narrow; this Coordinate 
Geometry item widens concept exposure without forcing an 
abrupt difficulty jump.',
          'Your recent trail is narrow; this Trigonometry 
item widens concept exposure without forcing an abrupt 
difficulty jump.',
          'Adaptive priority: Algebra is currently 
underperforming, so this question reinforces the exact weak 
pocket before escalation.',
          'Balanced fallback selection to keep session 
momentum without overloading the same concept lane.',
          'Topic diversification pick: Geometry is selected 
to prevent repetition fatigue and improve transfer across 
chapters.'
        ]
      }

      at Object.log 
(tests/intelligence.adversarial.test.js:477:13)

    console.log
      FEEDBACK_REALISM_LOG {
        generatedCount: 60,
        uniqueCombined: 60,
        uniqueSentenceOpeners: 45,
        avgLength: 304.96666666666664,
        sample: [
          {
            q: '1:Trigonometry/Identities',
            intendedType: 'Careless Mistake',
            autoType: 'Careless Mistake',
            why: 'Guidance: The concept is likely known; the 
failure came from execution haste. Pattern: Students misread 
constraints and rush symbolic transformations.',
            tip: 'Pause before submit: in Trigonometry, 
quickly re-check sign, unit, and elimination logic to catch 
careless misses.',
            combined: 'Guidance: The concept is likely known; 
the failure came from execution haste. Pattern: Students 
misread constraints and rush symbolic transformations. || 
Pause before submit: in Trigonometry, quickly re-check sign, 
unit, and elimination logic to catch careless misses.'
          },
          {
            q: '1:Trigonometry/Identities',
            intendedType: 'Calculation Error',
            autoType: 'Calculation Error',
            why: 'Pattern Trace: Intermediate transformation 
accuracy is unstable in Trigonometry - Identities. Context: 
Students misread constraints and rush symbolic 
transformations.',
            tip: 'Computation integrity broke in Trigonometry 
- Identities; reintroduce line-by-line verification for each 
transformation.',
            combined: 'Pattern Trace: Intermediate 
transformation accuracy is unstable in Trigonometry - 
Identities. Context: Students misread constraints and rush 
symbolic transformations. || Computation integrity broke in 
Trigonometry - Identities; reintroduce line-by-line 
verification for each transformation.'
          },
          {
            q: '1:Trigonometry/Identities',
            intendedType: 'Concept Error',
            autoType: 'Concept Error',
            why: 'Pattern Trace: Observed profile is 
conceptual: Trigonometry - Identities is being applied with 
an incorrect rule frame. Pattern note: Students misread 
constraints and rush symbolic transformations.',
            tip: 'Diagnosis: principle mismatch in 
Trigonometry - Identities. Re-derive the governing rule and 
test it on two nearby variants.',
            combined: 'Pattern Trace: Observed profile is 
conceptual: Trigonometry - Identities is being applied with 
an incorrect rule frame. Pattern note: Students misread 
constraints and rush symbolic transformations. || Diagnosis: 
principle mismatch in Trigonometry - Identities. Re-derive 
the governing rule and test it on two nearby variants.'
          },
          {
            q: '2:Algebra/Linear Equations',
            intendedType: 'Careless Mistake',
            autoType: 'Careless Mistake',
            why: 'Tutor Nudge: Coach note: you were close, 
but rushed the final decision. Add one verification pass. 
Pattern: Students misread constraints and rush symbolic 
transformations.',
            tip: 'Use a micro-reset in Algebra: 5 seconds for 
a final logic scan can prevent most avoidable slips.',
            combined: 'Tutor Nudge: Coach note: you were 
close, but rushed the final decision. Add one verification 
pass. Pattern: Students misread constraints and rush symbolic 
transformations. || Use a micro-reset in Algebra: 5 seconds 
for a final logic scan can prevent most avoidable slips.'
          },
          {
            q: '2:Algebra/Linear Equations',
            intendedType: 'Calculation Error',
            autoType: 'Calculation Error',
            why: 'Attempt Snapshot: Observed breakdown 
occurred in step execution for Algebra - Linear Equations; 
logic path is fine but arithmetic control failed. Context: 
Students misread constraints and rush symbolic 
transformations.',
            tip: 'Error source is computational drift in 
Algebra - Linear Equations; enforce a strict stepwise 
workflow before answer selection.',
            combined: 'Attempt Snapshot: Observed breakdown 
occurred in step execution for Algebra - Linear Equations; 
logic path is fine but arithmetic control failed. Context: 
Students misread constraints and rush symbolic 
transformations. || Error source is computational drift in 
Algebra - Linear Equations; enforce a strict stepwise 
workflow before answer selection.'
          }
        ]
      }

      at Object.log 
(tests/intelligence.adversarial.test.js:570:13)

    console.log
      [AuthRegisterExam] 
{"examFromTargetExam":"JEE","normalizedExam":"JEE"}

      at log (src/controllers/authController.js:22:13)

    console.log
      SYSTEM_HONESTY_LOG {
        sparseUserBenchmark: {
          percentile: null,
          aheadOf: null,
          estimated: false,
          message: 'Early profile: insufficient data to 
estimate your standing. Complete a few more attempts for 
reliable benchmarking.',
          top10Advice: 'Build a data baseline first: complete 
5-10 mixed attempts before ranking advice is shown.'
        },
        lowDataBenchmark: {
          percentile: null,
          aheadOf: null,
          estimated: false,
          message: 'Early profile: insufficient data to 
estimate your standing. Complete a few more attempts for 
reliable benchmarking.',
          top10Advice: 'Build a data baseline first: complete 
5-10 mixed attempts before ranking advice is shown.'
        },
        lowDataReadiness: { value: 49, status: 
'insufficient-data' },
        lowDataMessages: {
          suggestedFocusTopic: 'Need more attempts before 
giving strong focus advice. Keep practicing mixed topics.',
          weakTopicMessage: ''
        }
      }

      at Object.log 
(tests/intelligence.adversarial.test.js:626:13)

[0mPOST /api/auth/register [32m201[0m 119.975 ms - 299[0m
[0mPOST /api/exams/sessions [32m201[0m 128.001 ms - 78071[0m
[0mPOST /api/exams/sessions [33m409[0m 72.281 ms - 628[0m
[0mPOST /api/auth/register [32m201[0m 107.709 ms - 294[0m
[0mPOST /api/exams/sessions [32m201[0m 92.214 ms - 78076[0m
[0mPATCH /api/exams/sessions/69e109b6de7662757ac1b066/answer [32m200[0m 64.489 ms - 78287[0m
[0mPATCH /api/exams/sessions/69e109b6de7662757ac1b066/answer [32m200[0m 53.698 ms - 78387[0m
[0mPATCH /api/exams/sessions/69e109b6de7662757ac1b066/answer [32m200[0m 55.041 ms - 78487[0m
[0mPATCH /api/exams/sessions/69e109b6de7662757ac1b066/answer [32m200[0m 51.770 ms - 78587[0m
[0mPATCH /api/exams/sessions/69e109b6de7662757ac1b066/answer [32m200[0m 54.276 ms - 78687[0m
[0mPATCH /api/exams/sessions/69e109b6de7662757ac1b066/answer [32m200[0m 67.627 ms - 78787[0m
[0mPATCH /api/exams/sessions/69e109b6de7662757ac1b066/answer [32m200[0m 58.123 ms - 78887[0m
[0mPATCH /api/exams/sessions/69e109b6de7662757ac1b066/answer [32m200[0m 49.144 ms - 78987[0m
[0mPATCH /api/exams/sessions/69e109b6de7662757ac1b066/answer [32m200[0m 49.585 ms - 79087[0m
[0mPATCH /api/exams/sessions/69e109b6de7662757ac1b066/answer [32m200[0m 55.097 ms - 79189[0m
[0mPATCH /api/exams/sessions/69e109b6de7662757ac1b066/answer [32m200[0m 53.198 ms - 79291[0m
[0mPATCH /api/exams/sessions/69e109b6de7662757ac1b066/answer [32m200[0m 56.084 ms - 79393[0m
[0mPATCH /api/exams/sessions/69e109b6de7662757ac1b066/answer [32m200[0m 52.200 ms - 79494[0m
[0mPATCH /api/exams/sessions/69e109b6de7662757ac1b066/answer [32m200[0m 49.540 ms - 79595[0m
[0mPATCH /api/exams/sessions/69e109b6de7662757ac1b066/answer [32m200[0m 49.562 ms - 79696[0m
[0mPATCH /api/exams/sessions/69e109b6de7662757ac1b066/answer [32m200[0m 55.238 ms - 79797[0m
[0mPATCH /api/exams/sessions/69e109b6de7662757ac1b066/answer [32m200[0m 54.525 ms - 79898[0m
[0mPATCH /api/exams/sessions/69e109b6de7662757ac1b066/answer [32m200[0m 51.188 ms - 79998[0m
[0mPATCH /api/exams/sessions/69e109b6de7662757ac1b066/answer [32m200[0m 66.806 ms - 80100[0m
[0mPATCH /api/exams/sessions/69e109b6de7662757ac1b066/answer [32m200[0m 61.596 ms - 80200[0m
[0mPATCH /api/exams/sessions/69e109b6de7662757ac1b066/answer [33m400[0m 35.729 ms - 752[0m
[0mPOST /api/exams/sessions/69e109b6de7662757ac1b066/submit [32m200[0m 75.507 ms - 5147[0m
[0mPOST /api/auth/register [32m201[0m 136.158 ms - 296[0m
[0mPOST /api/exams/sessions [32m201[0m 41.691 ms - 20338[0m
[0mPOST /api/auth/register [32m201[0m 143.560 ms - 302[0m
[0mPOST /api/exams/sessions [32m201[0m 52.939 ms - 25849[0m
[0mPOST /api/auth/register [32m201[0m 117.582 ms - 303[0m
[0mPOST /api/exams/sessions [32m201[0m 111.474 ms - 78086[0m
[0mPATCH /api/exams/sessions/69e109b8de7662757ac1b3c2/answer [32m200[0m 77.679 ms - 78296[0m
[0mPATCH /api/exams/sessions/69e109b8de7662757ac1b3c2/answer [33m409[0m 56.474 ms - 766[0m
[0mPOST /api/exams/sessions/69e109b8de7662757ac1b3c2/submit [32m200[0m 99.130 ms - 4017[0m
[0mPOST /api/exams/sessions/69e109b8de7662757ac1b3c2/submit [32m200[0m 20.117 ms - 4017[0m
[0mPOST /api/auth/register [32m201[0m 104.220 ms - 298[0m
[0mPOST /api/exams/sessions [32m201[0m 82.312 ms - 78095[0m
[0mGET /api/exams/sessions/69e109b9de7662757ac1b4e8 [32m200[0m 21.489 ms - 78081[0m
[0mPATCH /api/exams/sessions/69e109b9de7662757ac1b4e8/answer [32m200[0m 59.206 ms - 78306[0m
[0mPATCH /api/exams/sessions/69e109b9de7662757ac1b4e8/answer [33m409[0m 34.969 ms - 708[0m
[0mGET /api/exams/sessions/69e109b9de7662757ac1b4e8 [32m200[0m 18.275 ms - 78180[0m
PASS tests/exam.simulation.test.js (5.028 s)
  ΓùÅ Console

    console.log
      [AuthRegisterExam] 
{"examFromTargetExam":"NEET","normalizedExam":"NEET"}

      at log (src/controllers/authController.js:22:13)

    console.warn
      [exam-integrity] answer-rejected {
        reason: 'active-session-exists',
        userId: '69e109b5de7662757ac1af3e',
        sessionId: '69e109b6de7662757ac1af55'
      }

    [0m [90m 68 |[39m
     [90m 69 |[39m [36mconst[39m logExamIntegrity 
[33m=[39m (event[33m,[39m payload [33m=[39m {}) 
[33m=>[39m {
    [31m[1m>[22m[39m[90m 70 |[39m   
console[33m.[39mwarn([32m`[exam-integrity] 
${event}`[39m[33m,[39m payload)[33m;[39m
     [90m    |[39m           [31m[1m^[22m[39m
     [90m 71 |[39m }[33m;[39m
     [90m 72 |[39m
     [90m 73 |[39m [36mconst[39m buildHttpError 
[33m=[39m (message[33m,[39m statusCode [33m=[39m 
[35m400[39m) [33m=>[39m {[0m

      at warn (src/services/examSimulationService.js:70:11)
      at logExamIntegrity 
(src/services/examSimulationService.js:761:7)
      at startExamSession 
(src/controllers/examController.js:13:21)

    console.log
      [AuthRegisterExam] 
{"examFromTargetExam":"NEET","normalizedExam":"NEET"}

      at log (src/controllers/authController.js:22:13)

    console.log
      BLUEPRINT_DISTRIBUTION_LOG {
        requested: { Physics: 45, Chemistry: 45, Biology: 90 
},
        targets: { Physics: 45, Chemistry: 45, Biology: 90 },
        selectedCounts: { Biology: 90, Chemistry: 45, 
Physics: 45 },
        deficits: {},
        subjectSharePct: { Biology: 50, Chemistry: 25, 
Physics: 25 },
        pyqSharePct: 53.3,
        warnings: []
      }

      at Object.log (tests/exam.simulation.test.js:180:13)

    console.warn
      [exam-integrity] answer-rejected {
        reason: 'out-of-order-attempt',
        sessionId: '69e109b6de7662757ac1b066',
        userId: '69e109b6de7662757ac1b05a',
        questionIndex: 35,
        maxAllowedIndex: 20,
        lastAnsweredIndex: 19
      }

    [0m [90m 68 |[39m
     [90m 69 |[39m [36mconst[39m logExamIntegrity 
[33m=[39m (event[33m,[39m payload [33m=[39m {}) 
[33m=>[39m {
    [31m[1m>[22m[39m[90m 70 |[39m   
console[33m.[39mwarn([32m`[exam-integrity] 
${event}`[39m[33m,[39m payload)[33m;[39m
     [90m    |[39m           [31m[1m^[22m[39m
     [90m 71 |[39m }[33m;[39m
     [90m 72 |[39m
     [90m 73 |[39m [36mconst[39m buildHttpError 
[33m=[39m (message[33m,[39m statusCode [33m=[39m 
[35m400[39m) [33m=>[39m {[0m

      at warn (src/services/examSimulationService.js:70:11)
      at logExamIntegrity 
(src/services/examSimulationService.js:119:3)
      at rejectWithAudit 
(src/services/examSimulationService.js:1368:11)
      at submitSessionAnswer 
(src/controllers/examController.js:74:18)

    console.log
      MOCK_BREAKDOWN_LOG {
        score: {
          examType: 'NEET',
          mode: 'full-length',
          sectionSubject: null,
          scoring: { correct: 4, wrong: -1, unattempted: 0 },
          correct: 7,
          wrong: 13,
          unattempted: 160,
          totalScore: 15,
          maxScore: 720,
          percentileEstimate: 50.96,
          totalCandidates: 2000000,
          estimatedRank: 980833,
          rankRange: { low: 863133, high: 1098533 },
          rawScore: 15,
          normalizedScore: 14.93,
          factors: {
            difficultyFactor: 0.976,
            consistencyFactor: 1.0197,
            accuracyStdDev: 0.1039
          }
        },
        subjectAccuracy: [
          { subject: 'Biology', accuracy: 33.33, attempted: 
12, total: 90 },
          { subject: 'Chemistry', accuracy: 50, attempted: 4, 
total: 45 },
          { subject: 'Physics', accuracy: 25, attempted: 4, 
total: 45 }
        ],
        yearTagMix: { Mock: 39, Conceptual: 45, 'Previous 
Year': 96 },
        difficultyLevelMix: { Moderate: 80, Tough: 32, Easy: 
68 }
      }

      at Object.log (tests/exam.simulation.test.js:282:13)

    console.log
      SCORE_INTERPRETATION_SAMPLE {
        scoreBand: 'average',
        message: 'This score is around average for current 
exam trends.',
        rankMessage: 'Likely rank range: 863133 - 1098533',
        strengthWeaknessMessage: 'You are currently stronger 
in Chemistry and weaker in Physics.',
        whyThisRank: 'Rank is estimated from percentile 50.96 
and 2000000 simulated candidates using rank = totalCandidates 
* (1 - percentile/100).',
        howScoreCompares: 'Raw score 15 is normalized to 
14.93 after adjusting for difficulty mix and subject-accuracy 
spread.',
        confidenceLevel: 'low',
        confidenceReason: 'This estimate is based on your 
accuracy, attempted-question coverage, and simulated exam 
distribution.'
      }

      at Object.log (tests/exam.simulation.test.js:288:13)

    console.log
      [AuthRegisterExam] 
{"examFromTargetExam":"CET","normalizedExam":"CET"}

      at log (src/controllers/authController.js:22:13)

    console.log
      [AuthRegisterExam] 
{"examFromTargetExam":"JEE","normalizedExam":"JEE"}

      at log (src/controllers/authController.js:22:13)

    console.warn
      [exam-blueprint] shortage {
        examType: 'JEE',
        mode: 'full-length',
        subject: 'Physics',
        required: 60,
        available: 20
      }

    [0m [90m 828 |[39m       [36mconst[39m warning 
[33m=[39m [32m`Subject shortage for ${subject}: required 
${target}, available ${available}.`[39m[33m;[39m
     [90m 829 |[39m       
generationWarnings[33m.[39mpush(warning)[33m;[39m
    [31m[1m>[22m[39m[90m 830 |[39m       
console[33m.[39mwarn([32m'[exam-blueprint] 
shortage'[39m[33m,[39m {
     [90m     |[39m               [31m[1m^[22m[39m
     [90m 831 |[39m         examType[33m:[39m 
resolvedExam[33m,[39m
     [90m 832 |[39m         mode[33m,[39m
     [90m 833 |[39m         subject[33m,[39m[0m

      at warn (src/services/examSimulationService.js:830:15)
          at Array.forEach (<anonymous>)
      at forEach 
(src/services/examSimulationService.js:825:32)
      at startExamSession 
(src/controllers/examController.js:13:21)

    console.warn
      [exam-blueprint] shortage {
        examType: 'JEE',
        mode: 'full-length',
        subject: 'Chemistry',
        required: 60,
        available: 18
      }

    [0m [90m 828 |[39m       [36mconst[39m warning 
[33m=[39m [32m`Subject shortage for ${subject}: required 
${target}, available ${available}.`[39m[33m;[39m
     [90m 829 |[39m       
generationWarnings[33m.[39mpush(warning)[33m;[39m
    [31m[1m>[22m[39m[90m 830 |[39m       
console[33m.[39mwarn([32m'[exam-blueprint] 
shortage'[39m[33m,[39m {
     [90m     |[39m               [31m[1m^[22m[39m
     [90m 831 |[39m         examType[33m:[39m 
resolvedExam[33m,[39m
     [90m 832 |[39m         mode[33m,[39m
     [90m 833 |[39m         subject[33m,[39m[0m

      at warn (src/services/examSimulationService.js:830:15)
          at Array.forEach (<anonymous>)
      at forEach 
(src/services/examSimulationService.js:825:32)
      at startExamSession 
(src/controllers/examController.js:13:21)

    console.warn
      [exam-blueprint] shortage {
        examType: 'JEE',
        mode: 'full-length',
        subject: 'Mathematics',
        required: 60,
        available: 16
      }

    [0m [90m 828 |[39m       [36mconst[39m warning 
[33m=[39m [32m`Subject shortage for ${subject}: required 
${target}, available ${available}.`[39m[33m;[39m
     [90m 829 |[39m       
generationWarnings[33m.[39mpush(warning)[33m;[39m
    [31m[1m>[22m[39m[90m 830 |[39m       
console[33m.[39mwarn([32m'[exam-blueprint] 
shortage'[39m[33m,[39m {
     [90m     |[39m               [31m[1m^[22m[39m
     [90m 831 |[39m         examType[33m:[39m 
resolvedExam[33m,[39m
     [90m 832 |[39m         mode[33m,[39m
     [90m 833 |[39m         subject[33m,[39m[0m

      at warn (src/services/examSimulationService.js:830:15)
          at Array.forEach (<anonymous>)
      at forEach 
(src/services/examSimulationService.js:825:32)
      at startExamSession 
(src/controllers/examController.js:13:21)

    console.info
      [exam-blueprint] scaling-applied {
        examType: 'JEE',
        mode: 'full-length',
        requestedCounts: { Physics: 60, Chemistry: 60, 
Mathematics: 60 },
        scaledCounts: { Physics: 20, Chemistry: 18, 
Mathematics: 16 },
        expectedTotal: 180,
        scaledTotal: 54
      }

      at info (src/services/examSimulationService.js:1042:13)

    console.warn
      [exam-blueprint] warnings {
        examType: 'JEE',
        mode: 'full-length',
        warnings: [
          'Limited subject pools detected. Blueprint was 
scaled proportionally.',
          'Subject shortage for Physics: required 60, 
available 20.',
          'Subject shortage for Chemistry: required 60, 
available 18.',
          'Subject shortage for Mathematics: required 60, 
available 16.',
          'PYQ mix deviated for Mathematics due to limited 
PYQ availability.'
        ]
      }

    [0m [90m 1078 |[39m
     [90m 1079 |[39m   [36mif[39m 
(generationWarnings[33m.[39mlength) {
    [31m[1m>[22m[39m[90m 1080 |[39m     
console[33m.[39mwarn([32m'[exam-blueprint] 
warnings'[39m[33m,[39m {
     [90m      |[39m             [31m[1m^[22m[39m
     [90m 1081 |[39m       examType[33m:[39m 
resolvedExam[33m,[39m
     [90m 1082 |[39m       mode[33m,[39m
     [90m 1083 |[39m       warnings[33m:[39m 
generationWarnings[33m,[39m[0m

      at warn (src/services/examSimulationService.js:1080:13)
      at startExamSession 
(src/controllers/examController.js:13:21)

    console.log
      [AuthRegisterExam] 
{"examFromTargetExam":"NEET","normalizedExam":"NEET"}

      at log (src/controllers/authController.js:22:13)

    console.warn
      [exam-integrity] answer-rejected {
        reason: 'obsolete-intent-seq',
        sessionId: '69e109b8de7662757ac1b3c2',
        userId: '69e109b8de7662757ac1b3b6',
        questionIndex: 0,
        intentId: '1776355769000-chih2j4lzll',
        intentSeq: 1,
        lastAcceptedIntentSeq: 1
      }

    [0m [90m 68 |[39m
     [90m 69 |[39m [36mconst[39m logExamIntegrity 
[33m=[39m (event[33m,[39m payload [33m=[39m {}) 
[33m=>[39m {
    [31m[1m>[22m[39m[90m 70 |[39m   
console[33m.[39mwarn([32m`[exam-integrity] 
${event}`[39m[33m,[39m payload)[33m;[39m
     [90m    |[39m           [31m[1m^[22m[39m
     [90m 71 |[39m }[33m;[39m
     [90m 72 |[39m
     [90m 73 |[39m [36mconst[39m buildHttpError 
[33m=[39m (message[33m,[39m statusCode [33m=[39m 
[35m400[39m) [33m=>[39m {[0m

      at warn (src/services/examSimulationService.js:70:11)
      at logExamIntegrity 
(src/services/examSimulationService.js:119:3)
      at rejectWithAudit 
(src/services/examSimulationService.js:1431:11)
      at submitSessionAnswer 
(src/controllers/examController.js:74:18)

    console.log
      [AuthRegisterExam] 
{"examFromTargetExam":"NEET","normalizedExam":"NEET"}

      at log (src/controllers/authController.js:22:13)

    console.warn
      [exam-integrity] answer-rejected {
        reason: 'stale-or-replayed-request',
        sessionId: '69e109b9de7662757ac1b4e8',
        userId: '69e109b9de7662757ac1b4dc',
        providedNonce: true
      }

    [0m [90m 68 |[39m
     [90m 69 |[39m [36mconst[39m logExamIntegrity 
[33m=[39m (event[33m,[39m payload [33m=[39m {}) 
[33m=>[39m {
    [31m[1m>[22m[39m[90m 70 |[39m   
console[33m.[39mwarn([32m`[exam-integrity] 
${event}`[39m[33m,[39m payload)[33m;[39m
     [90m    |[39m           [31m[1m^[22m[39m
     [90m 71 |[39m }[33m;[39m
     [90m 72 |[39m
     [90m 73 |[39m [36mconst[39m buildHttpError 
[33m=[39m (message[33m,[39m statusCode [33m=[39m 
[35m400[39m) [33m=>[39m {[0m

      at warn (src/services/examSimulationService.js:70:11)
      at logExamIntegrity 
(src/services/examSimulationService.js:119:3)
      at rejectWithAudit 
(src/services/examSimulationService.js:1416:11)
      at submitSessionAnswer 
(src/controllers/examController.js:74:18)

[0mPOST /api/auth/register [32m201[0m 141.263 ms - 309[0m
[0mPOST /api/attempts [32m201[0m 53.970 ms - 2486[0m
[0mPOST /api/attempts [32m201[0m 41.836 ms - 2211[0m
[0mPOST /api/attempts [32m201[0m 39.767 ms - 2178[0m
[0mPOST /api/attempts [32m201[0m 27.529 ms - 2181[0m
[0mGET /api/recommendations/me [32m200[0m 14.115 ms - 1303[0m
[0mGET /api/analytics/me [32m200[0m 21.383 ms - 12668[0m
[0mGET /api/attempts/mistake-bank [32m200[0m 10.120 ms - 1649[0m
PASS tests/intelligence.validation.test.js
  ΓùÅ Console

    console.log
      ANALYTICS_INTEGRITY_LOG {
        hasWeakTopicPriority: true,
        suggestedFocusTopic: 'Need more attempts before 
giving strong focus advice. Keep practicing mixed topics.',
        currentStreak: 3,
        nextAction: {
          title: 'Your Next Step',
          label: 'Continue Weak Topic Practice',
          reason: 'weak-topic',
          route: '/practice',
          query: { mode: 'recommended', topic: 'Mathematics - 
Algebra' },
          dueMistakeCount: 0
        },
        weakTopics: [ 'Mathematics - Algebra (Linear 
Equations)' ],
        strongTopics: [ 'Mathematics - Calculus 
(Differentiation)' ],
        improvementInsight: {
          text: 'Consistency is building. Keep solving in 
your weak topics to unlock measurable gains.',
          topic: '',
          fromAccuracy: 0,
          toAccuracy: 0
        }
      }

      at Object.log 
(tests/intelligence.validation.test.js:173:13)

    console.log
      WEEKLY_REPORT_SAMPLE {
        summary: [
          'You are improving in Mathematics, but your 
accuracy is still unreliable ΓÇö this suggests shallow 
understanding, not mastery.'
        ],
        subjectDeltas: [
          {
            subject: 'Mathematics',
            previousAccuracy: 0,
            currentAccuracy: 50,
            delta: 50
          }
        ]
      }

      at Object.log 
(tests/intelligence.validation.test.js:183:13)

    console.log
      STUDY_PLAN_SAMPLE {
        subjectPriorityOrder: [ 'Mathematics' ],
        timeAllocation: [
          {
            subject: 'Mathematics',
            percent: 100,
            reason: 'accuracy needs repair'
          }
        ],
        dailyStudyPlan: [
          {
            slot: 'Session 1 (60 min)',
            task: 'Mathematics concept drill + 15 timed MCQs'
          },
          {
            slot: 'Session 2 (45 min)',
            task: 'Second Priority mixed practice + error log 
review'
          },
          {
            slot: 'Session 3 (30 min)',
            task: 'Strong Subject retention revision and 
quick recap'
          }
        ],
        guidanceText: 'Decision for this week: spend 100% on 
Mathematics.'
      }

      at Object.log 
(tests/intelligence.validation.test.js:184:13)

    console.log
      BEHAVIOR_INSIGHT_SAMPLE {
        patterns: [],
        summary: 'Your pace and accuracy pattern is balanced 
right now. Maintain this rhythm and keep logging mistakes.'
      }

      at Object.log 
(tests/intelligence.validation.test.js:185:13)

    console.log
      MENTOR_JUDGMENT_SAMPLE {
        priorityWarnings: [ 'Mathematics is currently a 
liability in your exam performance.' ],
        repeatedPatternCritique: [],
        effortVsResult: [
          {
            subject: 'Mathematics',
            accuracy: 50,
            avgTimeSec: 67.5,
            expectedTimeSec: 60,
            timeRatio: 1.13,
            judgment: 'balanced',
            message: 'Mathematics is steady: effort and 
accuracy are in acceptable balance.'
          }
        ],
        decisionGuidance: 'Stop practicing new topics. Focus 
only on correcting Mathematics for the next 3 days.',
        sampleInsights: [
          {
            tone: 'analytical',
            text: 'You are improving in Mathematics, but your 
accuracy is still unreliable ΓÇö this suggests shallow 
understanding, not mastery.'
          },
          {
            tone: 'strict',
            text: 'Mathematics is currently a liability in 
your exam performance. You do not need more volume; you need 
correction.'
          },
          {
            tone: 'encouraging',
            text: 'You can recover this profile if you stop 
guessing and start fixing one concept at a time.'
          }
        ],
        harshCritique: 'Mathematics is currently a liability 
in your exam performance.',
        balancedFeedback: 'You are improving in Mathematics, 
but your accuracy is still unreliable ΓÇö this suggests 
shallow understanding, not mastery.',
        toneSummary: {
          analytical: 'Evidence-based evaluation of change 
and stability.',
          strict: 'Direct correction when performance is 
becoming a liability.',
          encouraging: 'Supportive only when progress is 
observable and repeatable.'
        },
        mentorJudgmentNarrative: [
          'You are improving in Mathematics, but your 
accuracy is still unreliable ΓÇö this suggests shallow 
understanding, not mastery.',
          'Mathematics is currently a liability in your exam 
performance. You do not need more volume; you need 
correction.',
          'You are improving in Mathematics, but your 
accuracy is still unreliable ΓÇö this suggests shallow 
understanding, not mastery.',
          'Stop practicing new topics. Focus only on 
correcting Mathematics for the next 3 days.'
        ]
      }

      at Object.log 
(tests/intelligence.validation.test.js:186:13)

    console.log
      FEEDBACK_DIFFERENTIATION_LOG {
        concept: {
          type: 'Concept Error',
          why: 'Reasoning Audit: You selected "Option A 
conceptual distractor" in Algebra. This reflects a 
misconception in Algebra - Linear Equations, not just a 
one-off slip.',
          tip: 'Your answer pattern indicates rule-level 
confusion in Algebra - Linear Equations; fix the underlying 
principle before speed work.'
        },
        calculation: {
          type: 'Calculation Error',
          why: 'Diagnosis: You selected "13" in Algebra. The 
miss came from Calculation Error around Algebra - Linear 
Equations.',
          tip: 'Pattern analysis points to arithmetic 
transition errors in Algebra - Linear Equations; structured 
derivation is required.'
        },
        guess: {
          type: 'Careless Mistake',
          why: 'Drill Note: You selected "2" in Algebra. The 
miss came from Careless Mistake around Algebra - Linear 
Equations.',
          tip: 'Small habit change: take one breath, scan 
options once, then lock your answer in Algebra.'
        }
      }

      at Object.log 
(tests/intelligence.validation.test.js:279:13)

    console.log
      ADAPTIVE_DIFFICULTY_FIVE_CORRECT [
        {
          step: 1,
          inputAccuracy: 78,
          isCorrect: true,
          score: 84.1,
          from: 'Medium',
          to: 'Hard'
        },
        {
          step: 2,
          inputAccuracy: 81,
          isCorrect: true,
          score: 86.95,
          from: 'Hard',
          to: 'Hard'
        },
        {
          step: 3,
          inputAccuracy: 84,
          isCorrect: true,
          score: 89.80000000000001,
          from: 'Hard',
          to: 'Hard'
        },
        {
          step: 4,
          inputAccuracy: 87,
          isCorrect: true,
          score: 92.65,
          from: 'Hard',
          to: 'Hard'
        },
        {
          step: 5,
          inputAccuracy: 90,
          isCorrect: true,
          score: 95.5,
          from: 'Hard',
          to: 'Hard'
        }
      ]

      at log (tests/intelligence.validation.test.js:329:15)

    console.log
      ADAPTIVE_DIFFICULTY_FIVE_WRONG [
        {
          step: 1,
          inputAccuracy: 45,
          isCorrect: false,
          score: 49.53947368421053,
          from: 'Medium',
          to: 'Medium'
        },
        {
          step: 2,
          inputAccuracy: 41,
          isCorrect: false,
          score: 47.73947368421052,
          from: 'Medium',
          to: 'Medium'
        },
        {
          step: 3,
          inputAccuracy: 37,
          isCorrect: false,
          score: 45.939473684210526,
          from: 'Medium',
          to: 'Medium'
        },
        {
          step: 4,
          inputAccuracy: 33,
          isCorrect: false,
          score: 44.13947368421053,
          from: 'Medium',
          to: 'Easy'
        },
        {
          step: 5,
          inputAccuracy: 29,
          isCorrect: false,
          score: 42.339473684210525,
          from: 'Easy',
          to: 'Easy'
        }
      ]

      at log (tests/intelligence.validation.test.js:329:15)

    console.log
      ADAPTIVE_DIFFICULTY_MIXED [
        {
          step: 1,
          inputAccuracy: 60,
          isCorrect: true,
          score: 74.2,
          from: 'Medium',
          to: 'Hard'
        },
        {
          step: 2,
          inputAccuracy: 58,
          isCorrect: false,
          score: 69.87692307692308,
          from: 'Hard',
          to: 'Hard'
        },
        {
          step: 3,
          inputAccuracy: 61,
          isCorrect: true,
          score: 74.65,
          from: 'Hard',
          to: 'Hard'
        },
        {
          step: 4,
          inputAccuracy: 59,
          isCorrect: false,
          score: 71.05952380952381,
          from: 'Hard',
          to: 'Hard'
        },
        {
          step: 5,
          inputAccuracy: 62,
          isCorrect: true,
          score: 75.10000000000001,
          from: 'Hard',
          to: 'Hard'
        }
      ]

      at log (tests/intelligence.validation.test.js:329:15)

    console.log
      RECOMMENDATION_ENGINE_LOG {
        priorityOrder: [ 'weak-topic', 'mistake-review', 
'new-topic' ],
        reasons: [
          'weak-topic',
          'weak-topic',
          'mistake-review',
          'new-topic',
          'fallback',
          'fallback'
        ],
        top3: [
          {
            topic: 'Mathematics-Algebra-Linear Equations',
            reason: 'weak-topic',
            why: 'We are keeping Algebra in focus because 
both correctness and response stability are still below your 
expected baseline.'
          },
          {
            topic: 'Mathematics-Algebra-Expressions',
            reason: 'weak-topic',
            why: 'Adaptive priority: Algebra is currently 
underperforming, so this question reinforces the exact weak 
pocket before escalation.'
          },
          {
            topic: 'Mathematics-Probability-Events',
            reason: 'mistake-review',
            why: 'This question is resurfaced as mistake 
review because previous errors in Probability still need 
reinforcement.'
          }
        ]
      }

      at Object.log 
(tests/intelligence.validation.test.js:487:13)

    console.log
      SEED_QUALITY_LOG {
        sampled: 50,
        issuesCount: 0,
        examples: [
          {
            topic: 'Human Physiology',
            conceptTested: 'Human Physiology - Respiratory',
            solvingTimeEstimate: 70,
            explanationLen: 238
          },
          {
            topic: 'Waves',
            conceptTested: 'Waves - Sound',
            solvingTimeEstimate: 70,
            explanationLen: 221
          },
          {
            topic: 'Genetics',
            conceptTested: 'Genetics - Mendelian',
            solvingTimeEstimate: 45,
            explanationLen: 228
          }
        ]
      }

      at Object.log 
(tests/intelligence.validation.test.js:536:13)

    console.log
      [AuthRegisterExam] 
{"examFromTargetExam":"JEE","normalizedExam":"JEE"}

      at log (src/controllers/authController.js:22:13)

    console.log
      E2E_SYSTEM_LOG {
        openDueMistake: {
          id: '69e109bb46d5a9d65fc4d7fe',
          repetitionStage: 1,
          nextReviewAt: 2026-04-16T15:09:31.693Z
        },
        recommendationReasons: [ 'mistake-review' ],
        nextAction: {
          title: 'Your Next Step',
          label: 'Retry Mistake Reviews',
          reason: 'due-mistakes',
          route: '/practice',
          query: { mode: 'recommended' },
          dueMistakeCount: 1
        },
        habit: {
          dailyGoal: 10,
          todayCompleted: 4,
          remainingToday: 6,
          currentStreak: 1,
          longestStreak: 1,
          streakDays: [
            [Object], [Object],
            [Object], [Object],
            [Object], [Object],
            [Object]
          ]
        },
        mistakeBankSummary: {
          totalMistakes: 2,
          openMistakes: 1,
          resolvedMistakes: 1,
          improvedOnRetry: 1
        }
      }

      at Object.log 
(tests/intelligence.validation.test.js:645:13)

[0mGET /api/health [32m200[0m 0.584 ms - 46[0m
[0mPOST /api/auth/register [32m201[0m 126.843 ms - 303[0m
[0mPOST /api/auth/register [32m201[0m 107.847 ms - 292[0m
[0mPOST /api/auth/login [32m200[0m 135.415 ms - 292[0m
PASS tests/api.test.js
  ΓùÅ Console

    console.log
      [AuthRegisterExam] 
{"examFromTargetExam":"JEE","normalizedExam":"JEE"}

      at log (src/controllers/authController.js:22:13)

    console.log
      [AuthRegisterExam] 
{"examFromTargetExam":"NEET","normalizedExam":"NEET"}

      at log (src/controllers/authController.js:22:13)

    console.log
      [AuthLoginExam] {"targetExam":"NEET","legacyExam":null,"
normalizedExam":"NEET"}

      at log (src/controllers/authController.js:71:13)


Test Suites: 4 passed, 4 total
Tests:       23 passed, 23 total
Snapshots:   0 total
Time:        29.755 s
Ran all test suites.
